[0;32;49m

Balance: £1000.00[0m
Pending: £10.00
Available to spend: £990.00

+-----------+--------+-----------------+--------------------+
| Narrative | Amount | Date and time   | Source             |
+-----------+--------+-----------------+--------------------+
| Aldi      | [0;31;49m£-5.00[0m | 30/5/2017 18:06 | master_card        |
| Dinner    | [0;32;49m£10.00[0m | 30/5/2017 18:06 | faster_payments_in |
+-----------+--------+-----------------+--------------------+

